Reading table information for completion of table and column names
You can turn off this feature to get a quicker startup with -A
Welcome to the MySQL monitor.  Commands end with ; or \g.
Your MySQL connection id is 8499254
Server version: 8.0.40 Source distribution
Copyright (c) 2000, 2022, Oracle and/or its affiliates.
Oracle is a registered trademark of Oracle Corporation and/or its
affiliates. Other names may be trademarks of their respective
owners.
Type 'help;' or '\h' for help. Type '\c' to clear the current input statement.
mysql> use yuki060317$default
Database changed
mysql> DESC table Carrito1;
+----+-------------+----------+------------+------+---------------+------+---------+------+------+----------+-------+
| id | select_type | table    | partitions | type | possible_keys | key  | key_len | ref  | rows | filtered | Extra |
+----+-------------+----------+------------+------+---------------+------+---------+------+------+----------+-------+
|  1 | SIMPLE      | Carrito1 | NULL       | ALL  | NULL          | NULL | NULL    | NULL |    5 |   100.00 | NULL  |
+----+-------------+----------+------------+------+---------------+------+---------+------+------+----------+-------+
1 row in set, 1 warning (0.00 sec)
mysql> DESC table Carrito2;
+----+-------------+----------+------------+------+---------------+------+---------+------+------+----------+-------+
| id | select_type | table    | partitions | type | possible_keys | key  | key_len | ref  | rows | filtered | Extra |
+----+-------------+----------+------------+------+---------------+------+---------+------+------+----------+-------+
|  1 | SIMPLE      | Carrito2 | NULL       | ALL  | NULL          | NULL | NULL    | NULL |    5 |   100.00 | NULL  |
+----+-------------+----------+------------+------+---------------+------+---------+------+------+----------+-------+
1 row in set, 1 warning (0.00 sec)
mysql> INSERT INTO Carrito1 (Articulo)
    -> VALUES
    -> ('Azucar'),
    -> ('Pan'),
    -> ('Jugo'),
    -> ('Refresco'),
    -> ('Harina');
Query OK, 5 rows affected (0.00 sec)
Records: 5  Duplicates: 0  Warnings: 0
mysql> INSERT INTO Carrito2 (Articulo)
    -> VALUES
    -> ('Azucar'),
    -> ('Pan'),
    -> ('Mantequilla'),
    -> ('Queso'),
    -> ('Manzana');
Query OK, 5 rows affected (0.01 sec)
Records: 5  Duplicates: 0  Warnings: 0
mysql> SELECT *
    -> FROM Carrito1
    -> LEFT OUTER JOIN Carrito2
    -> ON Carrito1.Articulo = Carrito2.Articulo
    -> UNION ALL
    -> SELECT *
    -> FROM Carrito1
    -> RIGHT OUTER JOIN Carrito2
    -> ON Carrito1.Articulo = Carrito2.Articulo;
    +----------+-------------+
| Articulo | Articulo    |
+----------+-------------+
| Azucar   | Azucar      |
| Azucar   | Azucar      |
| Pan      | Pan         |
| Pan      | Pan         |
| Jugo     | NULL        |
| Refresco | NULL        |
| Harina   | NULL        |
| Azucar   | Azucar      |
| Azucar   | Azucar      |
| Pan      | Pan         |
| Pan      | Pan         |
| Jugo     | NULL        |
| Refresco | NULL        |
| Harina   | NULL        |
| Azucar   | Azucar      |
| Azucar   | Azucar      |
| Pan      | Pan         |
| Pan      | Pan         |
| NULL     | Mantequilla |
| NULL     | Queso       |
| NULL     | Manzana     |
| Azucar   | Azucar      |
| Azucar   | Azucar      |
| Pan      | Pan         |
| Pan      | Pan         |
| NULL     | Mantequilla |
| NULL     | Queso       |
| NULL     | Manzana     |
+----------+-------------+
28 rows in set (0.00 sec)
mysql> CREATE TABLE Empresa (
    -> id_empleado INT,
    -> id_gerente INT NULL,
    -> Puesto VARCHAR (30)
    -> ); 
Query OK, 0 rows affected (0.03 sec)
mysql> INSERT INTO Empresa (id_empleado,id_gerente,puesto)
    -> VALUES 
    -> ('1001', ' NULL' ,'Presidente'),
    -> ('2002',' 1001' ,'Director'),
    -> ('3003', '1001' ,'Gerente'),
    -> ('4004','2002','Ingeniero'),
    -> ('5005', '2002' ,'Contador'),
    -> ('6006', '2002' ,'Administrador');
Query OK, 6 rows affected, 1 warning (0.01 sec)
Records: 6  Duplicates: 0  Warnings: 1
mysql> CREATE TABLE Predicados (
    ->     id_cliente INT,
    ->     id_orden INT,
    ->     estado_destino VARCHAR (30),
    ->     costo VARCHAR(10) 
    -> );
Query OK, 0 rows affected (0.15 sec)
mysql> INSERT INTO Predicados (id_cliente,id_orden,estado_destino,costo) VALUES 
    -> (1001, 1, 'JAL', '$987'),
    -> (1001, 2, 'CDMX', '$400'),
    -> (1001, 3, 'CDMX', '$545'),
    -> (1001, 4, 'CDMX', '$321'),
    -> (2002, 5, 'MTY', '$324'),
    -> (3003, 6, 'JAL', '$931'),
    -> (4004, 7, 'JAL', '$876'),
    -> (5005, 8, 'CDMX', '$567');
Query OK, 8 rows affected (0.01 sec)
Records: 8  Duplicates: 0  Warnings: 0
mysql> SELECT id_cliente,id_orden,estado_destino,costo
    -> FROM Predicados
    -> WHERE estado_destino = 'CDMX'
    -> AND id_cliente IN (
    ->     SELECT id_cliente FROM ejercicio3 WHERE estado_destino = 'JAL'
    -> );
ERROR 1146 (42S02): Table 'yuki060317$default.ejercicio3' doesn't exist
mysql> SELECT id_cliente,id_orden,estado_destino,costo
    -> FROM Predicados
    -> WHERE estado_destino = 'CDMX'
    -> AND id_cliente IN (
    ->     SELECT id_cliente FROM Predicados WHERE estado_destino = 'JAL'
    -> );
+------------+----------+----------------+-------+
| id_cliente | id_orden | estado_destino | costo |
+------------+----------+----------------+-------+
|       1001 |        2 | CDMX           | $400  |
|       1001 |        3 | CDMX           | $545  |
|       1001 |        4 | CDMX           | $321  |
+------------+----------+----------------+-------+
3 rows in set (0.01 sec)
